// Jest Snapshot v1, https://goo.gl/fbAQLP

exports[`utils/jwt.js verifyJWT invalid token 1`] = `
Object {
  "error": "jwt malformed",
}
`;
